// Jest Snapshot v1, https://goo.gl/fbAQLP

exports[`UserPageComponent should match snapshot 1`] = `
<app-user-page>
  <app-user-welcome /><div
    class="forms"
  >
    <router-outlet />
  </div>
</app-user-page>
`;
